// Jest Snapshot v1, https://goo.gl/fbAQLP

exports[`App component renders App 1`] = `
Object {
  "asFragment": [Function],
  "baseElement": <body>
    <div>
      <div
        style="display: flex; flex-direction: column; align-items: center;"
      >
        <div>
          <button
            aria-label="undo"
            disabled=""
            style="margin: 10px;"
          >
            undo
          </button>
          <button
            aria-label="redo"
            disabled=""
            style="margin: 10px;"
          >
            redo
          </button>
        </div>
        <label>
           Choose A Color:
          <input
            aria-label="color-input"
            style="margin: 10px;"
            type="color"
            value="#ffffff"
          />
        </label>
        <div
          style="background-color: rgb(239, 239, 239); border: .25px solid #919191; border-radius: 3px; width: 11rem; height: 11rem; display: flex; flex-direction: column; align-items: center; justify-content: center;"
        >
          <div
            aria-label="clr-box"
            style="background-color: rgb(255, 255, 255); border: .25px solid #919191; width: 10rem; height: 10rem;"
          />
        </div>
      </div>
    </div>
  </body>,
  "container": <div>
    <div
      style="display: flex; flex-direction: column; align-items: center;"
    >
      <div>
        <button
          aria-label="undo"
          disabled=""
          style="margin: 10px;"
        >
          undo
        </button>
        <button
          aria-label="redo"
          disabled=""
          style="margin: 10px;"
        >
          redo
        </button>
      </div>
      <label>
         Choose A Color:
        <input
          aria-label="color-input"
          style="margin: 10px;"
          type="color"
          value="#ffffff"
        />
      </label>
      <div
        style="background-color: rgb(239, 239, 239); border: .25px solid #919191; border-radius: 3px; width: 11rem; height: 11rem; display: flex; flex-direction: column; align-items: center; justify-content: center;"
      >
        <div
          aria-label="clr-box"
          style="background-color: rgb(255, 255, 255); border: .25px solid #919191; width: 10rem; height: 10rem;"
        />
      </div>
    </div>
  </div>,
  "debug": [Function],
  "findAllByAltText": [Function],
  "findAllByDisplayValue": [Function],
  "findAllByLabelText": [Function],
  "findAllByPlaceholderText": [Function],
  "findAllByRole": [Function],
  "findAllByTestId": [Function],
  "findAllByText": [Function],
  "findAllByTitle": [Function],
  "findByAltText": [Function],
  "findByDisplayValue": [Function],
  "findByLabelText": [Function],
  "findByPlaceholderText": [Function],
  "findByRole": [Function],
  "findByTestId": [Function],
  "findByText": [Function],
  "findByTitle": [Function],
  "getAllByAltText": [Function],
  "getAllByDisplayValue": [Function],
  "getAllByLabelText": [Function],
  "getAllByPlaceholderText": [Function],
  "getAllByRole": [Function],
  "getAllByTestId": [Function],
  "getAllByText": [Function],
  "getAllByTitle": [Function],
  "getByAltText": [Function],
  "getByDisplayValue": [Function],
  "getByLabelText": [Function],
  "getByPlaceholderText": [Function],
  "getByRole": [Function],
  "getByTestId": [Function],
  "getByText": [Function],
  "getByTitle": [Function],
  "queryAllByAltText": [Function],
  "queryAllByDisplayValue": [Function],
  "queryAllByLabelText": [Function],
  "queryAllByPlaceholderText": [Function],
  "queryAllByRole": [Function],
  "queryAllByTestId": [Function],
  "queryAllByText": [Function],
  "queryAllByTitle": [Function],
  "queryByAltText": [Function],
  "queryByDisplayValue": [Function],
  "queryByLabelText": [Function],
  "queryByPlaceholderText": [Function],
  "queryByRole": [Function],
  "queryByTestId": [Function],
  "queryByText": [Function],
  "queryByTitle": [Function],
  "rerender": [Function],
  "unmount": [Function],
}
`;
